[learning.google.com/experiments/learn-about/signup.html]
[learning.google.com/experiments/POST.2.delayed]
[backblue.gif]
[fade.gif]
[index.html]
[www.gstatic.com/education/tmx/images/icons/learn-about-x.png]
[ssl.gstatic.com/gb/images/v2_6991d7aa.png]
[ssl.gstatic.com/gb/images/a/3a1e625196.png]
[ssl.gstatic.com/gb/images/a/3daf4c1f88.png]
[ssl.gstatic.com/gb/images/a/f420d06f66.png]
[ssl.gstatic.com/gb/images/a/08ef13d8a6.png]
[ssl.gstatic.com/gb/images/a/142da27578.png]
[ssl.gstatic.com/gb/images/a/911e3628e6.png]
[ssl.gstatic.com/gb/images/a/41679a9ec5.png]
[ssl.gstatic.com/gb/images/a/4244245d7e.png]
[ssl.gstatic.com/gb/images/a/4653513b7d.png]
[ssl.gstatic.com/gb/images/a/ad330d8459.png]
[ssl.gstatic.com/gb/images/a/2c21041e16.png]
[ssl.gstatic.com/gb/images/a/c03dda0b34.png]
[ssl.gstatic.com/gb/images/a/74aa55e0c2.png]
[ssl.gstatic.com/gb/images/a/afa40f6e42.png]
[ssl.gstatic.com/gb/images/a/ea554714e7.png]
[ssl.gstatic.com/gb/images/a/0b26f6f8e4.png]
[ssl.gstatic.com/gb/images/a/dfbeb24785.png]
[ssl.gstatic.com/gb/images/a/85bb99a341.png]
[ssl.gstatic.com/gb/images/a/eacd033c28.png]
[ssl.gstatic.com/gb/images/a/438087d3df.png]
[ssl.gstatic.com/gb/images/a/cfa67efcd3.png]
[ssl.gstatic.com/gb/images/a/9c561d4392.png]
[ssl.gstatic.com/gb/images/a/09faae41c7.png]
[ssl.gstatic.com/gb/images/a/e3cbb9b858.png]
[ssl.gstatic.com/gb/images/a/17bdcddea9.png]
[ssl.gstatic.com/gb/images/a/be3fe52205.png]
[ssl.gstatic.com/gb/images/a/1b217ae532.png]
[ssl.gstatic.com/gb/images/a/188f0d697b.png]
[ssl.gstatic.com/gb/images/a/20808fb750.png]
[ssl.gstatic.com/gb/images/a/6d9eaee7f9.png]
[ssl.gstatic.com/gb/images/a/2d7fffa981.png]
[ssl.gstatic.com/gb/images/a/fe8c881457.png]
[ssl.gstatic.com/gb/images/a/d54db42004.png]
[ssl.gstatic.com/gb/images/a/99be7c5086.png]
[ssl.gstatic.com/gb/images/a/9001dae971.png]
[ssl.gstatic.com/gb/images/a/ca7b209615.png]
[ssl.gstatic.com/gb/images/a/e000432278.png]
[ssl.gstatic.com/gb/images/a/84d52a8885.png]
[ssl.gstatic.com/gb/images/v1_ff29c1d8.png]
[learning.google.com/experiments/gci_91f30755d6a6b787dcc2a4062e6e9824.2e.delayed]
[learning.google.com/experiments/https_.2f.delayed]
[learning.google.com/experiments/Edg/index.html]
[learning.google.com/experiments/+/index.html]
[learning.google.com/experiments/Ph(.30.delayed]
[learning.google.com/experiments/a.31.delayed]
[learning.google.com/experiments/a.D,_.32.delayed]
[learning.google.com/experiments/Sh(this.33.delayed]
[learning.google.com/experiments/b.34.delayed]
[learning.google.com/experiments/Sh(a.35.delayed]
[learning.google.com/experiments/learn-about/signup.html]
[learning.google.com/experiments/POST.html]
[ssl.gstatic.com/gb/images/a/71060be5b3.html]
[ssl.gstatic.com/gb/images/a/e2c0b463b4.html]
[learning.google.com/experiments/gci_91f30755d6a6b787dcc2a4062e6e9824.html]
[learning.google.com/experiments/Edg/index.html]
[learning.google.com/experiments/+/index.html]
[learning.google.com/experiments/https_.html]
[learning.google.com/experiments/Ph(.html]
[learning.google.com/experiments/a.html]
[learning.google.com/experiments/a.D,_.html]
[learning.google.com/experiments/Sh(this.html]
[learning.google.com/experiments/b.html]
[learning.google.com/experiments/Sh(a.html]
[learning.google.com/experiments/index.html]
[learning.google.com/experiments/index.html]
